
build/bk7231n-stager-v1.o:     file format elf32-littlearm


Disassembly of section .text:

001b5ac0 <_start>:
  1b5ac0:	b5f1      	push	{r0, r4, r5, r6, r7, lr}
  1b5ac2:	6867      	ldr	r7, [r4, #4]
  1b5ac4:	2fff      	cmp	r7, #255	; 0xff
  1b5ac6:	d001      	beq.n	1b5acc <prepare>
  1b5ac8:	002c      	movs	r4, r5
  1b5aca:	46c0      	nop			; (mov r8, r8)

001b5acc <prepare>:
  1b5acc:	3c0c      	subs	r4, #12
  1b5ace:	cce8      	ldmia	r4!, {r3, r5, r6, r7}
  1b5ad0:	4698      	mov	r8, r3
  1b5ad2:	6465      	str	r5, [r4, #68]	; 0x44
  1b5ad4:	3cb4      	subs	r4, #180	; 0xb4
  1b5ad6:	6838      	ldr	r0, [r7, #0]
  1b5ad8:	44b7      	add	pc, r6

001b5ada <call_proper>:
  1b5ada:	cc06      	ldmia	r4!, {r1, r2}
  1b5adc:	0020      	movs	r0, r4
  1b5ade:	e009      	b.n	1b5af4 <call_ddev>

001b5ae0 <ddev_open>:
  1b5ae0:	cc06      	ldmia	r4!, {r1, r2}
  1b5ae2:	0020      	movs	r0, r4
  1b5ae4:	47c0      	blx	r8
  1b5ae6:	6038      	str	r0, [r7, #0]
  1b5ae8:	e005      	b.n	1b5af6 <finish>

001b5aea <ddev_write>:
  1b5aea:	cc0c      	ldmia	r4!, {r2, r3}
  1b5aec:	0021      	movs	r1, r4
  1b5aee:	e001      	b.n	1b5af4 <call_ddev>

001b5af0 <ddev_control>:
  1b5af0:	cc02      	ldmia	r4!, {r1}
  1b5af2:	0022      	movs	r2, r4

001b5af4 <call_ddev>:
  1b5af4:	47c0      	blx	r8

001b5af6 <finish>:
  1b5af6:	bdf1      	pop	{r0, r4, r5, r6, r7, pc}
